Analyzing force sports player register app...                   

  error - Undefined name 'Timestamp' - lib\core\models\models.dart:166:47 - undefined_identifier
   info - The import of 'dart:typed_data' is unnecessary because all of the used elements are also provided by the import of 'package:flutter/foundation.dart' - lib\core\services\storage_service.dart:2:8 - unnecessary_import
   info - 'withOpacity' is deprecated and shouldn't be used. Use .withValues() to avoid precision loss - lib\core\theme\app_theme.dart:41:28 - deprecated_member_use
   info - 'withOpacity' is deprecated and shouldn't be used. Use .withValues() to avoid precision loss - lib\core\theme\app_theme.dart:46:23 - deprecated_member_use
   info - 'withOpacity' is deprecated and shouldn't be used. Use .withValues() to avoid precision loss - lib\core\theme\app_theme.dart:54:23 - deprecated_member_use
   info - 'withOpacity' is deprecated and shouldn't be used. Use .withValues() to avoid precision loss - lib\core\theme\app_theme.dart:202:20 - deprecated_member_use
   info - 'withOpacity' is deprecated and shouldn't be used. Use .withValues() to avoid precision loss - lib\core\theme\app_theme.dart:204:44 - deprecated_member_use
   info - Don't use 'BuildContext's across async gaps, guarded by an unrelated 'mounted' check - lib\features\auth\views\login_view.dart:152:50 - use_build_context_synchronously
   info - The import of 'dart:typed_data' is unnecessary because all of the used elements are also provided by the import of 'package:flutter/services.dart' - lib\features\auth\views\player_profile_form_view.dart:1:8 - unnecessary_import
   info - Statements in an if should be enclosed in a block - lib\features\auth\views\player_profile_form_view.dart:163:11 - curly_braces_in_flow_control_structures
   info - Statements in an if should be enclosed in a block - lib\features\auth\views\player_profile_form_view.dart:165:11 - curly_braces_in_flow_control_structures
   info - 'withOpacity' is deprecated and shouldn't be used. Use .withValues() to avoid precision loss - lib\features\auth\views\player_profile_form_view.dart:417:41 - deprecated_member_use
   info - 'withOpacity' is deprecated and shouldn't be used. Use .withValues() to avoid precision loss - lib\features\auth\views\player_profile_form_view.dart:505:46 - deprecated_member_use
   info - 'withOpacity' is deprecated and shouldn't be used. Use .withValues() to avoid precision loss - lib\features\auth\views\player_profile_form_view.dart:583:53 - deprecated_member_use
   info - 'activeColor' is deprecated and shouldn't be used. Use activeThumbColor or activeTrackColor instead. This feature was deprecated after v3.31.0-2.0.pre - lib\features\auth\views\player_profile_form_view.dart:638:13 - deprecated_member_use
   info - Don't use 'BuildContext's across async gaps, guarded by an unrelated 'mounted' check - lib\features\auth\views\register_view.dart:192:43 - use_build_context_synchronously
   info - Don't use 'BuildContext's across async gaps, guarded by an unrelated 'mounted' check - lib\features\auth\views\register_view.dart:194:50 - use_build_context_synchronously
   info - The import of 'package:flutter/services.dart' is unnecessary because all of the used elements are also provided by the import of 'package:flutter/material.dart' - lib\features\organizer\views\organizer_dashboard.dart:2:8 - unnecessary_import
   info - Unnecessary use of multiple underscores - lib\features\organizer\views\organizer_dashboard.dart:199:41 - unnecessary_underscores
   info - 'withOpacity' is deprecated and shouldn't be used. Use .withValues() to avoid precision loss - lib\features\organizer\views\organizer_dashboard.dart:246:53 - deprecated_member_use
   info - 'withOpacity' is deprecated and shouldn't be used. Use .withValues() to avoid precision loss - lib\features\organizer\views\organizer_dashboard.dart:294:48 - deprecated_member_use
   info - 'withOpacity' is deprecated and shouldn't be used. Use .withValues() to avoid precision loss - lib\features\organizer\views\organizer_dashboard.dart:338:14 - deprecated_member_use
   info - 'withOpacity' is deprecated and shouldn't be used. Use .withValues() to avoid precision loss - lib\features\organizer\views\organizer_dashboard.dart:388:59 - deprecated_member_use
   info - 'withOpacity' is deprecated and shouldn't be used. Use .withValues() to avoid precision loss - lib\features\organizer\views\organizer_dashboard.dart:464:61 - deprecated_member_use
   info - 'withOpacity' is deprecated and shouldn't be used. Use .withValues() to avoid precision loss - lib\features\organizer\views\organizer_dashboard.dart:501:43 - deprecated_member_use
   info - 'withOpacity' is deprecated and shouldn't be used. Use .withValues() to avoid precision loss - lib\features\organizer\views\organizer_profile_view.dart:73:43 - deprecated_member_use
   info - 'withOpacity' is deprecated and shouldn't be used. Use .withValues() to avoid precision loss - lib\features\organizer\views\organizer_profile_view.dart:91:53 - deprecated_member_use
   info - 'withOpacity' is deprecated and shouldn't be used. Use .withValues() to avoid precision loss - lib\features\organizer\views\organizer_tournament_detail_view.dart:62:59 - deprecated_member_use
   info - 'withOpacity' is deprecated and shouldn't be used. Use .withValues() to avoid precision loss - lib\features\organizer\views\organizer_tournament_detail_view.dart:73:65 - deprecated_member_use
   info - 'withOpacity' is deprecated and shouldn't be used. Use .withValues() to avoid precision loss - lib\features\organizer\views\organizer_tournament_detail_view.dart:106:65 - deprecated_member_use
   info - 'withOpacity' is deprecated and shouldn't be used. Use .withValues() to avoid precision loss - lib\features\organizer\views\organizer_tournament_detail_view.dart:226:22 - deprecated_member_use
   info - 'withOpacity' is deprecated and shouldn't be used. Use .withValues() to avoid precision loss - lib\features\organizer\views\organizer_tournament_detail_view.dart:228:41 - deprecated_member_use
   info - 'withOpacity' is deprecated and shouldn't be used. Use .withValues() to avoid precision loss - lib\features\organizer\views\organizer_tournament_detail_view.dart:273:30 - deprecated_member_use
   info - The local variable '_mockPlayers' starts with an underscore - lib\features\organizer\views\organizer_tournament_players_view.dart:15:38 - no_leading_underscores_for_local_identifiers
   info - 'withOpacity' is deprecated and shouldn't be used. Use .withValues() to avoid precision loss - lib\features\organizer\views\organizer_tournament_players_view.dart:85:61 - deprecated_member_use
   info - 'withOpacity' is deprecated and shouldn't be used. Use .withValues() to avoid precision loss - lib\features\organizer\views\organizer_tournament_players_view.dart:133:42 - deprecated_member_use
   info - 'withOpacity' is deprecated and shouldn't be used. Use .withValues() to avoid precision loss - lib\features\organizer\views\organizer_tournament_players_view.dart:134:43 - deprecated_member_use
   info - 'withOpacity' is deprecated and shouldn't be used. Use .withValues() to avoid precision loss - lib\features\organizer\views\organizer_tournament_players_view.dart:176:53 - deprecated_member_use
   info - 'withOpacity' is deprecated and shouldn't be used. Use .withValues() to avoid precision loss - lib\features\owner\views\create_organizer_view.dart:485:47 - deprecated_member_use
   info - 'withOpacity' is deprecated and shouldn't be used. Use .withValues() to avoid precision loss - lib\features\owner\views\create_organizer_view.dart:488:33 - deprecated_member_use
   info - The import of 'package:flutter/services.dart' is unnecessary because all of the used elements are also provided by the import of 'package:flutter/material.dart' - lib\features\owner\views\create_tournament_view.dart:2:8 - unnecessary_import
   info - The private field _allowTeamOverflow could be 'final' - lib\features\owner\views\create_tournament_view.dart:47:8 - prefer_final_fields
   info - 'groupValue' is deprecated and shouldn't be used. Use a RadioGroup ancestor to manage group value instead. This feature was deprecated after v3.32.0-0.0.pre - lib\features\owner\views\create_tournament_view.dart:355:29 - deprecated_member_use
   info - 'onChanged' is deprecated and shouldn't be used. Use RadioGroup to handle value change instead. This feature was deprecated after v3.32.0-0.0.pre - lib\features\owner\views\create_tournament_view.dart:356:29 - deprecated_member_use
   info - 'groupValue' is deprecated and shouldn't be used. Use a RadioGroup ancestor to manage group value instead. This feature was deprecated after v3.32.0-0.0.pre - lib\features\owner\views\create_tournament_view.dart:362:29 - deprecated_member_use
   info - 'onChanged' is deprecated and shouldn't be used. Use RadioGroup to handle value change instead. This feature was deprecated after v3.32.0-0.0.pre - lib\features\owner\views\create_tournament_view.dart:363:29 - deprecated_member_use
   info - 'withOpacity' is deprecated and shouldn't be used. Use .withValues() to avoid precision loss - lib\features\owner\views\create_tournament_view.dart:461:33 - deprecated_member_use
   info - Statements in an if should be enclosed in a block - lib\features\owner\views\create_tournament_view.dart:645:11 - curly_braces_in_flow_control_structures
   info - Statements in an if should be enclosed in a block - lib\features\owner\views\create_tournament_view.dart:647:11 - curly_braces_in_flow_control_structures
   info - Statements in an if should be enclosed in a block - lib\features\owner\views\create_tournament_view.dart:649:11 - curly_braces_in_flow_control_structures
   info - Statements in an if should be enclosed in a block - lib\features\owner\views\create_tournament_view.dart:756:13 - curly_braces_in_flow_control_structures
   info - 'withOpacity' is deprecated and shouldn't be used. Use .withValues() to avoid precision loss - lib\features\owner\views\organizer_details_view.dart:168:47 - deprecated_member_use
   info - 'withOpacity' is deprecated and shouldn't be used. Use .withValues() to avoid precision loss - lib\features\owner\views\organizer_details_view.dart:171:33 - deprecated_member_use
   info - 'withOpacity' is deprecated and shouldn't be used. Use .withValues() to avoid precision loss - lib\features\owner\views\organizer_details_view.dart:274:55 - deprecated_member_use
   info - 'withOpacity' is deprecated and shouldn't be used. Use .withValues() to avoid precision loss - lib\features\owner\views\organizer_details_view.dart:281:41 - deprecated_member_use
   info - 'withOpacity' is deprecated and shouldn't be used. Use .withValues() to avoid precision loss - lib\features\owner\views\organizer_details_view.dart:295:45 - deprecated_member_use
   info - The local variable '_tabs' starts with an underscore - lib\features\owner\views\owner_dashboard.dart:26:24 - no_leading_underscores_for_local_identifiers
   info - 'withOpacity' is deprecated and shouldn't be used. Use .withValues() to avoid precision loss - lib\features\owner\views\owner_dashboard.dart:207:43 - deprecated_member_use
   info - 'withOpacity' is deprecated and shouldn't be used. Use .withValues() to avoid precision loss - lib\features\owner\views\payout_list_view.dart:109:49 - deprecated_member_use
   info - 'withOpacity' is deprecated and shouldn't be used. Use .withValues() to avoid precision loss - lib\features\owner\views\payout_list_view.dart:165:43 - deprecated_member_use
warning - Unused import: '../../auth/viewmodels/auth_viewmodel.dart' - lib\features\owner\views\tournament_list_view.dart:5:8 - unused_import
warning - Unused import: 'create_tournament_view.dart' - lib\features\owner\views\tournament_list_view.dart:11:8 - unused_import
   info - Unnecessary use of string interpolation - lib\features\owner\views\tournament_list_view.dart:137:35 - unnecessary_string_interpolations
   info - 'withOpacity' is deprecated and shouldn't be used. Use .withValues() to avoid precision loss - lib\features\owner\views\tournament_list_view.dart:153:56 - deprecated_member_use
   info - 'withOpacity' is deprecated and shouldn't be used. Use .withValues() to avoid precision loss - lib\features\owner\views\tournament_list_view.dart:154:62 - deprecated_member_use
   info - 'withOpacity' is deprecated and shouldn't be used. Use .withValues() to avoid precision loss - lib\features\owner\views\tournament_list_view.dart:184:53 - deprecated_member_use
   info - 'withOpacity' is deprecated and shouldn't be used. Use .withValues() to avoid precision loss - lib\features\owner\views\tournament_list_view.dart:190:53 - deprecated_member_use
   info - 'withOpacity' is deprecated and shouldn't be used. Use .withValues() to avoid precision loss - lib\features\owner\views\tournament_list_view.dart:251:45 - deprecated_member_use
   info - 'withOpacity' is deprecated and shouldn't be used. Use .withValues() to avoid precision loss - lib\features\owner\views\tournament_list_view.dart:289:53 - deprecated_member_use
   info - 'withOpacity' is deprecated and shouldn't be used. Use .withValues() to avoid precision loss - lib\features\owner\views\tournament_list_view.dart:346:67 - deprecated_member_use
   info - 'withOpacity' is deprecated and shouldn't be used. Use .withValues() to avoid precision loss - lib\features\owner\views\tournament_list_view.dart:507:45 - deprecated_member_use
   info - 'withOpacity' is deprecated and shouldn't be used. Use .withValues() to avoid precision loss - lib\features\owner\views\tournament_list_view.dart:552:22 - deprecated_member_use
   info - 'withOpacity' is deprecated and shouldn't be used. Use .withValues() to avoid precision loss - lib\features\owner\views\tournament_list_view.dart:554:41 - deprecated_member_use
warning - The receiver can't be 'null' because of short-circuiting, so the null-aware operator '?.' can't be used - lib\features\player\views\player_dashboard.dart:67:49 - invalid_null_aware_operator
   info - 'withOpacity' is deprecated and shouldn't be used. Use .withValues() to avoid precision loss - lib\features\player\views\player_dashboard.dart:216:36 - deprecated_member_use
   info - 'withOpacity' is deprecated and shouldn't be used. Use .withValues() to avoid precision loss - lib\features\player\views\player_dashboard.dart:233:46 - deprecated_member_use
   info - 'withOpacity' is deprecated and shouldn't be used. Use .withValues() to avoid precision loss - lib\features\player\views\player_dashboard.dart:288:50 - deprecated_member_use
   info - The import of 'dart:typed_data' is unnecessary because all of the used elements are also provided by the import of 'package:flutter/services.dart' - lib\features\player\views\player_profile_view.dart:1:8 - unnecessary_import
   info - Use the null-aware marker '?' rather than a null check via an 'if' - lib\features\player\views\player_profile_view.dart:156:9 - use_null_aware_elements
   info - Use the null-aware marker '?' rather than a null check via an 'if' - lib\features\player\views\player_profile_view.dart:157:9 - use_null_aware_elements
   info - 'withOpacity' is deprecated and shouldn't be used. Use .withValues() to avoid precision loss - lib\features\player\views\player_profile_view.dart:263:63 - deprecated_member_use
   info - 'withOpacity' is deprecated and shouldn't be used. Use .withValues() to avoid precision loss - lib\features\player\views\player_profile_view.dart:293:48 - deprecated_member_use
   info - 'withOpacity' is deprecated and shouldn't be used. Use .withValues() to avoid precision loss - lib\features\player\views\player_profile_view.dart:520:41 - deprecated_member_use
   info - 'withOpacity' is deprecated and shouldn't be used. Use .withValues() to avoid precision loss - lib\features\player\views\player_profile_view.dart:562:39 - deprecated_member_use
   info - 'withOpacity' is deprecated and shouldn't be used. Use .withValues() to avoid precision loss - lib\features\player\views\player_profile_view.dart:596:39 - deprecated_member_use
   info - 'withOpacity' is deprecated and shouldn't be used. Use .withValues() to avoid precision loss - lib\features\player\views\tournament_registration_view.dart:67:53 - deprecated_member_use
   info - 'withOpacity' is deprecated and shouldn't be used. Use .withValues() to avoid precision loss - lib\features\player\views\tournament_registration_view.dart:126:53 - deprecated_member_use
   info - 'withOpacity' is deprecated and shouldn't be used. Use .withValues() to avoid precision loss - lib\features\player\views\tournament_registration_view.dart:195:33 - deprecated_member_use
warning - Duplicate import - lib\main.dart:3:8 - duplicate_import
   info - 'withOpacity' is deprecated and shouldn't be used. Use .withValues() to avoid precision loss - lib\shared\widgets\aura_widgets.dart:53:45 - deprecated_member_use
   info - 'withOpacity' is deprecated and shouldn't be used. Use .withValues() to avoid precision loss - lib\shared\widgets\aura_widgets.dart:120:38 - deprecated_member_use
   info - 'withOpacity' is deprecated and shouldn't be used. Use .withValues() to avoid precision loss - lib\shared\widgets\aura_widgets.dart:154:62 - deprecated_member_use
   info - 'withOpacity' is deprecated and shouldn't be used. Use .withValues() to avoid precision loss - lib\shared\widgets\aura_widgets.dart:165:42 - deprecated_member_use

